PC Engines apu2
coreboot build 19700101
BIOS version v24.05.00.01
4080 MB ECC DRAM

SeaBIOS (version rel-1.16.0.1-0-g77603a32)

Press F10 key now for boot menu, N for PXE boot
Select boot device:

1. USB MSC Drive  USB  SanDisk 3.2Gen1 1.00
2. USB MSC Drive  USB  SanDisk 3.2Gen1 1.00
3. SD card SB16G 15193MiB
4. AHCI/0: 30GB SATA Flash Drive ATA-11 Hard-Disk (28626 MiBytes)
5. iPXE
6. Payload [setup]
7. Payload [memtest]

t. TPM Configuration

Booting from Hard Disk...
GRUB loading.....
Welcome to GRUB!

error: can't find command `terminal'.GNU GRUB  version 2.04┌────────────────────────────────────────────────────────────────────────────┐│││││││││││││││││││││││││││└────────────────────────────────────────────────────────────────────────────┘     Use the ↑ and ↓ keys to select which entry is highhlighted.          
      Press enter to boot the selected OS, `e' to edit the commands       
      before booting or `c' for a command-line.                            *boot                                                                        secure-boot                                                                                                                                                                                                                                                                                                                                                                                                                                                                                                                                                                                                                                                                                                 ;03H                                                                                                                                                                                                                                     





                                                                               
                                                                                boot                                                                       *secure-boot                                                                grub_cmd_slaunch:122: check for manufacturer
grub_cmd_slaunch:126: check for cpuid
grub_cmd_slaunch:136: set slaunch
grub_cmd_slaunch_module:156: check argc
grub_cmd_slaunch_module:161: check relocator
grub_cmd_slaunch_module:170: open file
grub_cmd_slaunch_module:175: get size
grub_cmd_slaunch_module:180: allocate memory
grub_cmd_slaunch_module:192: addr: 0x100000
grub_cmd_slaunch_module:194: target: 0x100000
grub_cmd_slaunch_module:196: add module
grub_cmd_slaunch_module:205: reead file
grub_cmd_slaunch_module:215: close file
grub_slaunch_boot_skinit:41: real_mode_target: 0x8b000
grub_slaunch_boot_skinit:42: prot_mode__target: 0x1000000
grub_slaunch_boot_skinit:43: params: 0xcfdc02c
code32_start 0x0000000001000000: 
mle_header
0x00000000017b4410: 5a ac 82 90 6f 47 a7 74 0f 5c 55 a2 cb 51 b6 42   Z...oG.t.\U..Q.B
0x00000000017b4420: 34 00 00 00 02 00 02 00 30 01 00 00 00 00 00 00   4.......0.......
0x00000000017b4430: 00 00 00 00 00 00 00 00 23 02 00 00 00 00 00 00   ........#.......
0x00000000017b4440: 00 00 00 00 66 66 2e 0f 1f 84 00 00 00 00 00 90   ....ff..........
shasum calculated:
0x00000000001001b0: 83 cd d7 ff b2 39 de c0 15 bc 42 82 7d 55 0e 5d   .....9....B.}U.]
0x00000000001001c0: 43 e5 6a af 4e 4c 89 af b6 18 c2 87 7a b1 bd 29   C.j.NL......z..)
PCR extended
pm_kernel_entry:
0x0000000001000130: 8d ab d0 fe ff ff e9 15 43 7b 00 00 00 00 00 00   ........C{......
0x0000000001000140: 00 00 00 00 00 00 00 00 00 00 00 00 00 00 00 00   ................
...
0x0000000001000200: 31 c0 8e d8 8e c0 8e d0 8e e0 8e e8 48 8d 2d ed   1...........H.-.
0x0000000001000210: fd ff ff 8b 86 30 02 00 00 ff c8 48 01 c5 48 f7   .....0.....H..H.
0x0000000001000220: d0 48 21 c5 48 81 fd 00 00 00 01 7d 07 48 c7 c5   .H!.H......}.H..
zero_page:
0x000000000008b000: 00 0d 00 80 00 00 03 50 00 00 00 00 00 00 19 01   .......P........
0x000000000008b010: 10 00 00 00 00 00 00 00 00 00 00 00 00 00 00 00   ................
0x000000000008b020: 3f a3 00 10 00 00 00 00 00 00 00 00 00 00 00 00   ?...............
0x000000000008b030: 00 00 00 00 00 00 00 00 00 00 00 00 00 00 00 00   ................
...
0x000000000008b1e0: 00 80 00 00 00 00 00 00 0b 00 00 00 00 00 00 00   ................
0x000000000008b1f0: 00 1f 01 00 62 e8 07 00 00 00 ff ff 00 00 00 00   ....b...........
0x000000000008b200: eb 6a 48 64 72 53 0f 02 00 00 00 00 00 10 60 32   .jHdrS........`2
0x000000000008b210: 72 81 00 80 00 00 00 01 00 00 00 00 00 00 00 00   r...............
0x000000000008b220: 00 00 00 00 00 8e 00 00 00 f0 08 00 ff ff ff 7f   ................
0x000000000008b230: 00 00 20 00 01 15 6b 00 ff 07 00 00 00 00 00 00   .. ...k.........
0x000000000008b240: 00 00 00 00 00 00 00 00 b1 03 00 00 20 5c 7a 00   ............ \z.
0x000000000008b250: 00 00 00 00 00 00 00 00 00 00 00 01 00 00 00 00   ................
0x000000000008b260: 00 90 c3 01 90 01 00 00 b8 5e 7b 00 00 00 00 00   .........^{.....
0x000000000008b270: 00 00 00 00 00 00 00 00 00 00 00 00 00 00 00 00   ................
lz_base:
0x0000000000100000: 00 02 00 a0 00 00 00 00 00 00 00 00 00 00 00 00   ................
0x0000000000100010: 00 00 00 00 00 00 00 00 00 00 00 00 00 00 00 00   ................
...
0x0000000000100060: b3 19 10 00 00 00 00 00 00 00 00 00 00 00 00 00   ................
0x0000000000100070: b0 00 10 00 00 00 00 00 40 00 00 00 07 c4 c1 46   ........@......F
0x0000000000100080: c0 27 10 00 00 00 00 00 2c 28 d3 50 9a 4e 09 94   .'......,(.P.N..
0x0000000000100090: 01 4f 20 8a f9 10 7f 33 28 01 10 00 00 00 00 00   .O ....3(.......
0x00000000001000a0: a0 e6 f1 c7 08 00 00 00 58 01 10 00 00 00 00 00   ........X.......
0x00000000001000b0: 80 6b 03 cd 17 54 c8 67 0e d5 ef 5a 89 bc 7e 83   .k...T.g...Z..~.
0x00000000001000c0: de 41 46 49 3b 15 e7 53 39 2f e4 b0 bf 4e da e0   .AFI;..S9/...N..
0x00000000001000d0: 7b 63 f3 31 17 28 0c ca 33 3d 18 36 49 e6 e6 e9   {c.1.(..3=.6I...
0x00000000001000e0: 39 b9 82 77 16 c8 d9 37 fd 87 c1 d9 13 b4 d9 9d   9..w...7........
0x00000000001000f0: 30 01 10 00 00 00 00 00 b0 01 10 00 00 00 00 00   0...............
lz_main() is about to exit
Wrong EFI loader signature.
early console in extract_kernel
input_data: 0x00000000024513b1
input_len: 0x00000000007a5c20
output: 0x0000000001000000
output_len: 0x0000000001bcad80
kernel_total_size: 0x000000000182c000
needed_size: 0x0000000001c00000
trampoline_32bit: 0x000000000009d000
booted via startup_32()
Physical KASLR using RDTSC...
Virtual KASLR using RDTSC...

Decompressing Linux... Parsing ELF... Performing relocations... done.
Booting the kernel.
[    0.000000] Linux version 5.5.3-yocto-standard (oe-user@oe-host) (gcc version 9.2.0 (GCC)) #1 SMP PREEMPT Thu Jun 27 17:29:55 UTC 2024
[    0.000000] Command line: BOOT_IMAGE=/bzImage root=/dev/sda2 console=ttyS0,115200 earlyprintk=serial,ttyS0,115200
[    0.000000] x86/fpu: Supporting XSAVE feature 0x001: 'x87 floating point registers'
[    0.000000] x86/fpu: Supporting XSAVE feature 0x002: 'SSE registers'
[    0.000000] x86/fpu: Supporting XSAVE feature 0x004: 'AVX registers'
[    0.000000] x86/fpu: xstate_offset[2]:  576, xstate_sizes[2]:  256
[    0.000000] x86/fpu: Enabled xstate features 0x7, context size is 832 bytes, using 'standard' format.
[    0.000000] BIOS-provided physical RAM map:
[    0.000000] BIOS-e820: [mem 0x0000000000000000-0x000000000009fbff] usable
[    0.000000] BIOS-e820: [mem 0x000000000009fc00-0x000000000009ffff] reserved
[    0.000000] BIOS-e820: [mem 0x00000000000f0000-0x00000000000fffff] reserved
[    0.000000] BIOS-e820: [mem 0x0000000000100000-0x00000000cfe4ffff] usable
[    0.000000] BIOS-e820: [mem 0x00000000cfe50000-0x00000000cfffffff] reserved
[    0.000000] BIOS-e820: [mem 0x00000000f8000000-0x00000000fbffffff] reserved
[    0.000000] BIOS-e820: [mem 0x00000000fec10000-0x00000000fec10fff] reserved
[    0.000000] BIOS-e820: [mem 0x00000000fec20000-0x00000000fec20fff] reserved
[    0.000000] BIOS-e820: [mem 0x00000000fed40000-0x00000000fed44fff] reserved
[    0.000000] BIOS-e820: [mem 0x0000000100000000-0x000000012effffff] usable
[    0.000000] BIOS-e820: [mem 0x000000012f000000-0x000000012fffffff] reserved
[    0.000000] printk: bootconsole [earlyser0] enabled
[    0.000000] NX (Execute Disable) protection: active
[    0.000000] SMBIOS 3.0.0 present.
[    0.000000] DMI: PC Engines apu2/apu2, BIOS v24.05.00.01 01/01/1970
[    0.000000] tsc: Fast TSC calibration using PIT
[    0.000000] tsc: Detected 998.133 MHz processor
[    0.008399] last_pfn = 0x12f000 max_arch_pfn = 0x400000000
[    0.014884] x86/PAT: Configuration [0-7]: WB  WC  UC- UC  WB  WP  UC- WT  
Memory KASLR using RDTSC...
[    0.024600] last_pfn = 0xcfe50 max_arch_pfn = 0x400000000
[    0.048103] check: Scanning 1 areas for low memory corruption
[    0.053684] Using GB pages for direct mapping
[    0.059432] ACPI: Early table checksum verification disabled
[    0.064947] ACPI: RSDP 0x00000000000F2AF0 000024 (v02 COREv4)
[    0.070635] ACPI: XSDT 0x00000000CFE6C0E0 000084 (v01 COREv4 COREBOOT 00000000 CORE 20230628)
[    0.079136] ACPI: FACP 0x00000000CFE6DDC0 000114 (v06 COREv4 COREBOOT 00000000 CORE 20230628)
[    0.087629] ACPI: DSDT 0x00000000CFE6C280 001B32 (v02 COREv4 COREBOOT 00010001 INTL 20230628)
[    0.096116] ACPI: FACS 0x00000000CFE6C240 000040
[    0.100708] ACPI: SSDT 0x00000000CFE6DEE0 000249 (v02 COREv4 COREBOOT 00000000 CORE 20230628)
[    0.109202] ACPI: MCFG 0x00000000CFE6E130 00003C (v01 COREv4 COREBOOT 00000000 CORE 20230628)
[    0.117716] ACPI: TPM2 0x00000000CFE6E170 00004C (v04 COREv4 COREBOOT 00000000 CORE 20230628)
[    0.126188] ACPI: APIC 0x00000000CFE6E1C0 00007E (v03 COREv4 COREBOOT 00000000 CORE 20230628)
[    0.134682] ACPI: SPCR 0x00000000CFE6E240 000058 (v04 COREv4 COREBOOT 00000000 CORE 20230628)
[    0.143175] ACPI: HEST 0x00000000CFE6E2A0 0001D0 (v01 COREv4 COREBOOT 00000000 CORE 20230628)
[    0.151669] ACPI: IVRS 0x00000000CFE6E470 0000D0 (v02 COREv4 COREBOOT 00000000 CORE 20230628)
[    0.160188] ACPI: SSDT 0x00000000CFE6E540 0048A6 (v02 AMD    AGESA    00000002 MSFT 04000000)
[    0.168655] ACPI: SSDT 0x00000000CFE72DF0 0007C8 (v01 AMD    AGESA    00000001 AMD  00000001)
[    0.177149] ACPI: DRTM 0x00000000CFE735C0 00007C (v01 COREv4 COREBOOT 00000000 CORE 20230628)
[    0.185641] ACPI: HPET 0x00000000CFE73640 000038 (v01 COREv4 COREBOOT 00000000 CORE 20230628)
[    0.194289] Zone ranges:
[    0.196683]   DMA      [mem 0x0000000000001000-0x0000000000ffffff]
[    0.202832]   DMA32    [mem 0x0000000001000000-0x00000000ffffffff]
[    0.208986]   Normal   [mem 0x0000000100000000-0x000000012effffff]
[    0.215162] Movable zone start for each node
[    0.219386] Early memory node ranges
[    0.222941]   node   0: [mem 0x0000000000001000-0x000000000009efff]
[    0.229181]   node   0: [mem 0x0000000000100000-0x00000000cfe4ffff]
[    0.235421]   node   0: [mem 0x0000000100000000-0x000000012effffff]
[    0.241950] Zeroed struct page in unavailable ranges: 4626 pages
[    0.241955] Initmem setup node 0 [mem 0x0000000000001000-0x000000012effffff]
[    0.325494] ACPI: PM-Timer IO Port: 0x818
[    0.329445] ACPI: LAPIC_NMI (acpi_id[0xff] high edge lint[0x1])
[    0.335316] IOAPIC[0]: apic_id 0, version 33, address 0xfec00000, GSI 0-23
[    0.342113] IOAPIC[1]: apic_id 1, version 33, address 0xfec20000, GSI 24-55
[    0.349054] ACPI: INT_SRC_OVR (bus 0 bus_irq 0 global_irq 2 high edge)
[    0.355558] ACPI: INT_SRC_OVR (bus 0 bus_irq 9 global_irq 9 low level)
[    0.362053] Using ACPI (MADT) for SMP configuration information
[    0.367935] ACPI: HPET id: 0x10228201 base: 0xfed00000
[    0.373076] smpboot: Allowing 4 CPUs, 0 hotplug CPUs
[    0.378028] [mem 0xd0000000-0xf7ffffff] available for PCI devices
[    0.384063] clocksource: refined-jiffies: mask: 0xffffffff max_cycles: 0xffffffff, max_idle_ns: 1910969940391419 ns
[    0.394474] setup_percpu: NR_CPUS:64 nr_cpumask_bits:64 nr_cpu_ids:4 nr_node_ids:1
[    0.403809] percpu: Embedded 53 pages/cpu s179224 r8192 d29672 u524288
[    0.410337] Built 1 zonelists, mobility grouping on.  Total pages: 1027615
[    0.417053] Kernel command line: BOOT_IMAGE=/bzImage root=/dev/sda2 console=ttyS0,115200 earlyprintk=serial,ttyS0,115200
[    0.431146] Dentry cache hash table entries: 524288 (order: 10, 4194304 bytes, linear)
[    0.440410] Inode-cache hash table entries: 262144 (order: 9, 2097152 bytes, linear)
[    0.448110] mem auto-init: stack:off, heap alloc:off, heap free:off
[    0.566482] Memory: 4012584K/4175800K available (14340K kernel code, 1425K rwdata, 3012K rodata, 1596K init, 948K bss, 163216K reserved, 0K cma-reserved)
[    0.580230] SLUB: HWalign=64, Order=0-3, MinObjects=0, CPUs=4, Nodes=1
[    0.586630] ftrace: allocating 39363 entries in 154 pages
[    0.662405] ftrace: allocated 154 pages with 4 groups
[    0.667825] rcu: Preemptible hierarchical RCU implementation.
[    0.673398] rcu: 	RCU restricting CPUs from NR_CPUS=64 to nr_cpu_ids=4.
[    0.680005] 	Tasks RCU enabled.
[    0.683104] rcu: RCU calculated value of scheduler-enlistment delay is 100 jiffies.
[    0.690734] rcu: Adjusting geometry for rcu_fanout_leaf=16, nr_cpu_ids=4
[    0.718425] NR_IRQS: 4352, nr_irqs: 1000, preallocated irqs: 16
[    0.724847] random: get_random_bytes called from start_kernel+0x328/0x4e0 with crng_init=0
[    0.733416] Console: colour dummy device 80x25
[    0.737768] printk: console [ttyS0] enabled
[    0.737768] printk: console [ttyS0] enabled
[    0.746076] printk: bootconsole [earlyser0] disabled
[    0.746076] printk: bootconsole [earlyser0] disabled
[    0.755989] ACPI: Core revision 20191018
[    0.760389] clocksource: hpet: mask: 0xffffffff max_cycles: 0xffffffff, max_idle_ns: 133484873504 ns
[    0.769577] APIC: Switch to symmetric I/O mode setup
[    0.775604] ..TIMER: vector=0x30 apic1=0 pin1=2 apic2=0 pin2=0
[    0.785581] clocksource: tsc-early: mask: 0xffffffffffffffff max_cycles: 0x1cc666e5251, max_idle_ns: 881590593257 ns
[    0.796104] Calibrating delay loop (skipped), value calculated using timer frequency.. 1996.26 BogoMIPS (lpj=998133)
[    0.797108] pid_max: default: 32768 minimum: 301
[    0.798205] LSM: Security Framework initializing
[    0.799214] Mount-cache hash table entries: 8192 (order: 4, 65536 bytes, linear)
[    0.801128] Mountpoint-cache hash table entries: 8192 (order: 4, 65536 bytes, linear)
Poking KASLR using RDTSC...
[    0.806260] LVT offset 1 assigned for vector 0xf9
[    0.807119] Last level iTLB entries: 4KB 512, 2MB 8, 4MB 4
[    0.808107] Last level dTLB entries: 4KB 512, 2MB 256, 4MB 128, 1GB 0
[    0.809110] Spectre V1 : Mitigation: usercopy/swapgs barriers and __user pointer sanitization
[    0.810109] Spectre V2 : Mitigation: Full AMD retpoline
[    0.811108] Spectre V2 : Spectre v2 / SpectreRSB mitigation: Filling RSB on context switch
[    0.812110] Speculative Store Bypass: Mitigation: Speculative Store Bypass disabled via prctl and seccomp
[    0.814703] Freeing SMP alternatives memory: 36K
[    0.917647] smpboot: CPU0: AMD GX-412TC SOC (family: 0x16, model: 0x30, stepping: 0x1)
[    0.925151] Performance Events: AMD PMU driver.
[    0.926111] ... version:                0
[    0.927107] ... bit width:              48
[    0.928135] ... generic registers:      4
[    0.929107] ... value mask:             0000ffffffffffff
[    0.930107] ... max period:             00007fffffffffff
[    0.931107] ... fixed-purpose events:   0
[    0.932107] ... event mask:             000000000000000f
[    0.936118] rcu: Hierarchical SRCU implementation.
[    0.940183] MCE: In-kernel MCE decoding enabled.
[    0.944117] smp: Bringing up secondary CPUs ...
[    0.953178] x86: Booting SMP configuration:
[    0.954111] .... node  #0, CPUs:      #1 #2 #3
[    0.974229] smp: Brought up 1 node, 4 CPUs
[    0.976110] smpboot: Max logical packages: 1
[    0.977109] smpboot: Total of 4 processors activated (7985.06 BogoMIPS)
[    0.980414] devtmpfs: initialized
[    0.983196] clocksource: jiffies: mask: 0xffffffff max_cycles: 0xffffffff, max_idle_ns: 1911260446275000 ns
[    0.984126] futex hash table entries: 1024 (order: 4, 65536 bytes, linear)
[    0.986183] xor: automatically using best checksumming function   avx       
[    0.987113] pinctrl core: initialized pinctrl subsystem
[    0.988183] thermal_sys: Registered thermal governor 'step_wise'
[    0.988186] thermal_sys: Registered thermal governor 'user_space'
[    0.989496] NET: Registered protocol family 16
[    0.992146] cpuidle: using governor menu
[    0.996260] ACPI: bus type PCI registered
[    1.000288] PCI: MMCONFIG for domain 0000 [bus 00-3f] at [mem 0xf8000000-0xfbffffff] (base 0xf8000000)
[    1.009116] PCI: MMCONFIG at [mem 0xf8000000-0xfbffffff] reserved in E820
[    1.016137] PCI: Using configuration type 1 for base access
[    1.056697] raid6: sse2x4   gen()  1894 MB/s
[    1.077670] raid6: sse2x4   xor()   888 MB/s
[    1.098688] raid6: sse2x2   gen()  1582 MB/s
[    1.119682] raid6: sse2x2   xor()  1062 MB/s
[    1.140724] raid6: sse2x1   gen()  1320 MB/s
[    1.161661] raid6: sse2x1   xor()   839 MB/s
[    1.166109] raid6: using algorithm sse2x4 gen() 1894 MB/s
[    1.171108] raid6: .... xor() 888 MB/s, rmw enabled
[    1.176109] raid6: using ssse3x2 recovery algorithm
[    1.181193] ACPI: Added _OSI(Module Device)
[    1.185121] ACPI: Added _OSI(Processor Device)
[    1.190110] ACPI: Added _OSI(3.0 _SCP Extensions)
[    1.194109] ACPI: Added _OSI(Processor Aggregator Device)
[    1.200110] ACPI: Added _OSI(Linux-Dell-Video)
[    1.204109] ACPI: Added _OSI(Linux-Lenovo-NV-HDMI-Audio)
[    1.210109] ACPI: Added _OSI(Linux-HPI-Hybrid-Graphics)
[    1.231007] ACPI: 4 ACPI AML tables successfully acquired and loaded
[    1.247071] ACPI: Interpreter enabled
[    1.251160] ACPI: (supports S0 S1 S5)
[    1.254111] ACPI: Using IOAPIC for interrupt routing
[    1.259188] PCI: Using host bridge windows from ACPI; if necessary, use "pci=nocrs" and report a bug
[    1.269428] ACPI: Enabled 7 GPEs in block 00 to 1F
[    1.287449] ACPI: PCI Root Bridge [PCI0] (domain 0000 [bus 00-ff])
[    1.293128] acpi PNP0A08:00: _OSC: OS supports [ExtendedConfig ASPM ClockPM Segments MSI HPX-Type3]
[    1.303296] acpi PNP0A08:00: _OSC: OS now controls [PME AER PCIeCapability LTR]
[    1.310122] acpi PNP0A08:00: [Firmware Info]: MMCONFIG for domain 0000 [bus 00-3f] only partially covers this bridge
[    1.321302] acpi PNP0A08:00: host bridge window expanded to [io  0x0000-0x0cf7 window]; [io  0x03b0-0x03df window] ignored
[    1.332141] PCI host bridge to bus 0000:00
[    1.336114] pci_bus 0000:00: root bus resource [io  0x0000-0x0cf7 window]
[    1.343112] pci_bus 0000:00: root bus resource [io  0x0d00-0xffff window]
[    1.350112] pci_bus 0000:00: root bus resource [mem 0x000a0000-0x000bffff]
[    1.357111] pci_bus 0000:00: root bus resource [mem 0x000c0000-0x000dffff]
[    1.363111] pci_bus 0000:00: root bus resource [mem 0xd0000000-0xffffffff]
[    1.370112] pci_bus 0000:00: root bus resource [bus 00-ff]
[    1.376139] pci 0000:00:00.0: [1022:1566] type 00 class 0x060000
[    1.382449] pci 0000:00:00.2: [1022:1567] type 00 class 0x080600
[    1.388503] pci 0000:00:02.0: [1022:156b] type 00 class 0x060000
[    1.395260] pci 0000:00:02.1: [1022:1439] type 01 class 0x060400
[    1.401192] pci 0000:00:02.1: enabling Extended Tags
[    1.406208] pci 0000:00:02.1: PME# supported from D0 D3hot D3cold
[    1.412562] pci 0000:00:02.2: [1022:1439] type 01 class 0x060400
[    1.419130] pci 0000:00:02.2: enabling Extended Tags
[    1.424208] pci 0000:00:02.2: PME# supported from D0 D3hot D3cold
[    1.430519] pci 0000:00:02.3: [1022:1439] type 01 class 0x060400
[    1.437190] pci 0000:00:02.3: enabling Extended Tags
[    1.442205] pci 0000:00:02.3: PME# supported from D0 D3hot D3cold
[    1.448400] pci 0000:00:02.4: [1022:1439] type 01 class 0x060400
[    1.454189] pci 0000:00:02.4: enabling Extended Tags
[    1.459204] pci 0000:00:02.4: PME# supported from D0 D3hot D3cold
[    1.466500] pci 0000:00:08.0: [1022:1537] type 00 class 0x108000
[    1.472110] pci 0000:00:08.0: reg 0x10: [mem 0xfd760000-0xfd77ffff 64bit pref]
[    1.479120] pci 0000:00:08.0: reg 0x18: [mem 0xfd900000-0xfd9fffff]
[    1.485119] pci 0000:00:08.0: reg 0x1c: [mem 0xfd75b000-0xfd75bfff]
[    1.492119] pci 0000:00:08.0: reg 0x20: [mem 0xfd800000-0xfd8fffff]
[    1.498119] pci 0000:00:08.0: reg 0x24: [mem 0xfd75e000-0xfd75ffff]
[    1.504455] pci 0000:00:10.0: [1022:7814] type 00 class 0x0c0330
[    1.511150] pci 0000:00:10.0: reg 0x10: [mem 0xfd75c000-0xfd75dfff 64bit]
[    1.518290] pci 0000:00:10.0: PME# supported from D0 D3hot D3cold
[    1.524394] pci 0000:00:11.0: [1022:7801] type 00 class 0x010601
[    1.530140] pci 0000:00:11.0: reg 0x10: [io  0xcfe8-0xcfef]
[    1.536122] pci 0000:00:11.0: reg 0x14: [io  0xcfdc-0xcfdf]
[    1.541121] pci 0000:00:11.0: reg 0x18: [io  0xcfe0-0xcfe7]
[    1.547151] pci 0000:00:11.0: reg 0x1c: [io  0xcfd8-0xcfdb]
[    1.553124] pci 0000:00:11.0: reg 0x20: [io  0xcff0-0xcfff]
[    1.558122] pci 0000:00:11.0: reg 0x24: [mem 0xfd75a000-0xfd75a3ff]
[    1.565180] pci 0000:00:11.0: PME# supported from D3hot
[    1.570384] pci 0000:00:13.0: [1022:7808] type 00 class 0x0c0320
[    1.576140] pci 0000:00:13.0: reg 0x10: [mem 0xfd759000-0xfd7590ff]
[    1.583225] pci 0000:00:13.0: supports D1 D2
[    1.587115] pci 0000:00:13.0: PME# supported from D0 D1 D2 D3hot D3cold
[    1.594401] pci 0000:00:14.0: [1022:780b] type 00 class 0x0c0500
[    1.600472] pci 0000:00:14.3: [1022:780e] type 00 class 0x060100
[    1.606595] pci 0000:00:14.7: [1022:7813] type 00 class 0x080501
[    1.613142] pci 0000:00:14.7: reg 0x10: [mem 0xfd758000-0xfd7580ff 64bit]
[    1.620232] pci 0000:00:18.0: [1022:1580] type 00 class 0x060000
[    1.626460] pci 0000:00:18.1: [1022:1581] type 00 class 0x060000
[    1.632405] pci 0000:00:18.2: [1022:1582] type 00 class 0x060000
[    1.639234] pci 0000:00:18.3: [1022:1583] type 00 class 0x060000
[    1.645438] pci 0000:00:18.4: [1022:1584] type 00 class 0x060000
[    1.651375] pci 0000:00:18.5: [1022:1585] type 00 class 0x060000
[    1.658472] pci 0000:01:00.0: [168c:003c] type 00 class 0x028000
[    1.664465] pci 0000:01:00.0: reg 0x10: [mem 0xfdc00000-0xfddfffff 64bit]
[    1.672114] pci 0000:01:00.0: reg 0x30: [mem 0xfde00000-0xfde0ffff pref]
[    1.679735] pci 0000:01:00.0: supports D1 D2
[    1.684945] pci 0000:00:02.1: PCI bridge to [bus 01]
[    1.690123] pci 0000:00:02.1:   bridge window [mem 0xfdc00000-0xfdefffff]
[    1.697381] pci 0000:02:00.0: [8086:157b] type 00 class 0x020000
[    1.703277] pci 0000:02:00.0: reg 0x10: [mem 0xfdf00000-0xfdf1ffff]
[    1.709196] pci 0000:02:00.0: reg 0x18: [io  0xf000-0xf01f]
[    1.715165] pci 0000:02:00.0: reg 0x1c: [mem 0xfdf20000-0xfdf23fff]
[    1.722111] pci 0000:02:00.0: PME# supported from D0 D3hot D3cold
[    1.728644] pci 0000:00:02.2: PCI bridge to [bus 02]
[    1.734119] pci 0000:00:02.2:   bridge window [io  0xf000-0xffff]
[    1.740114] pci 0000:00:02.2:   bridge window [mem 0xfdf00000-0xfdffffff]
[    1.747355] pci 0000:03:00.0: [8086:157b] type 00 class 0x020000
[    1.753197] pci 0000:03:00.0: reg 0x10: [mem 0xfdb00000-0xfdb1ffff]
[    1.759221] pci 0000:03:00.0: reg 0x18: [io  0xe000-0xe01f]
[    1.765160] pci 0000:03:00.0: reg 0x1c: [mem 0xfdb20000-0xfdb23fff]
[    1.771630] pci 0000:03:00.0: PME# supported from D0 D3hot D3cold
[    1.778580] pci 0000:00:02.3: PCI bridge to [bus 03]
[    1.783119] pci 0000:00:02.3:   bridge window [io  0xe000-0xefff]
[    1.790114] pci 0000:00:02.3:   bridge window [mem 0xfdb00000-0xfdbfffff]
[    1.796370] pci 0000:04:00.0: [8086:157b] type 00 class 0x020000
[    1.803242] pci 0000:04:00.0: reg 0x10: [mem 0xfda00000-0xfda1ffff]
[    1.809182] pci 0000:04:00.0: reg 0x18: [io  0xd000-0xd01f]
[    1.815160] pci 0000:04:00.0: reg 0x1c: [mem 0xfda20000-0xfda23fff]
[    1.821647] pci 0000:04:00.0: PME# supported from D0 D3hot D3cold
[    1.828298] pci 0000:00:02.4: PCI bridge to [bus 04]
[    1.833118] pci 0000:00:02.4:   bridge window [io  0xd000-0xdfff]
[    1.839114] pci 0000:00:02.4:   bridge window [mem 0xfda00000-0xfdafffff]
[    1.847553] ACPI: PCI Interrupt Link [INTA] (IRQs *3 4 5 7 10 11 12 15)
[    1.854280] ACPI: PCI Interrupt Link [INTB] (IRQs *3 4 5 7 10 11 12 15)
[    1.861185] ACPI: PCI Interrupt Link [INTC] (IRQs 3 4 *5 7 10 11 12 15)
[    1.868300] ACPI: PCI Interrupt Link [INTD] (IRQs 3 4 5 *7 10 11 12 15)
[    1.874361] ACPI: PCI Interrupt Link [INTE] (IRQs 3 4 5 7 10 *11 12 15)
[    1.881304] ACPI: PCI Interrupt Link [INTF] (IRQs 9) *10
[    1.887260] ACPI: PCI Interrupt Link [INTG] (IRQs 3 4 5 7 10 11 12 15) *0
[    1.894238] ACPI: PCI Interrupt Link [INTH] (IRQs 3 4 5 7 10 11 12 15) *0
[    1.902185] vgaarb: loaded
[    1.905372] SCSI subsystem initialized
[    1.909190] ACPI: bus type USB registered
[    1.913162] usbcore: registered new interface driver usbfs
[    1.919137] usbcore: registered new interface driver hub
[    1.924162] usbcore: registered new device driver usb
[    1.929207] pps_core: LinuxPPS API ver. 1 registered
[    1.934109] pps_core: Software ver. 5.3.6 - Copyright 2005-2007 Rodolfo Giometti <giometti@linux.it>
[    1.943118] PTP clock support registered
[    1.947133] EDAC MC: Ver: 3.0.0
[    1.951151] Advanced Linux Sound Architecture Driver Initialized.
[    1.957110] PCI: Using ACPI for IRQ routing
[    1.965104] Bluetooth: Core ver 2.22
[    1.968128] NET: Registered protocol family 31
[    1.973109] Bluetooth: HCI device and connection manager initialized
[    1.979113] Bluetooth: HCI socket layer initialized
[    1.984112] Bluetooth: L2CAP socket layer initialized
[    1.989119] Bluetooth: SCO socket layer initialized
[    1.994318] hpet0: at MMIO 0xfed00000, IRQs 2, 8, 0
[    1.999130] hpet0: 3 comparators, 32-bit 14.318180 MHz counter
[    2.007262] clocksource: Switched to clocksource tsc-early
[    2.825621] pnp: PnP ACPI init
[    2.829217] system 00:00: [mem 0xf8000000-0xfbffffff] has been reserved
[    2.836220] system 00:01: [mem 0xfec10002-0xfec11001] could not be reserved
[    2.844179] pnp: PnP ACPI: found 5 devices
[    2.860371] clocksource: acpi_pm: mask: 0xffffff max_cycles: 0xffffff, max_idle_ns: 2085701024 ns
[    2.869284] pci 0000:00:02.1: PCI bridge to [bus 01]
[    2.874276] pci 0000:00:02.1:   bridge window [mem 0xfdc00000-0xfdefffff]
[    2.881089] pci 0000:00:02.2: PCI bridge to [bus 02]
[    2.886072] pci 0000:00:02.2:   bridge window [io  0xf000-0xffff]
[    2.892183] pci 0000:00:02.2:   bridge window [mem 0xfdf00000-0xfdffffff]
[    2.898992] pci 0000:00:02.3: PCI bridge to [bus 03]
[    2.903973] pci 0000:00:02.3:   bridge window [io  0xe000-0xefff]
[    2.910086] pci 0000:00:02.3:   bridge window [mem 0xfdb00000-0xfdbfffff]
[    2.916898] pci 0000:00:02.4: PCI bridge to [bus 04]
[    2.921880] pci 0000:00:02.4:   bridge window [io  0xd000-0xdfff]
[    2.927993] pci 0000:00:02.4:   bridge window [mem 0xfda00000-0xfdafffff]
[    2.934807] pci_bus 0000:00: resource 4 [io  0x0000-0x0cf7 window]
[    2.941007] pci_bus 0000:00: resource 5 [io  0x0d00-0xffff window]
[    2.947203] pci_bus 0000:00: resource 6 [mem 0x000a0000-0x000bffff]
[    2.953486] pci_bus 0000:00: resource 7 [mem 0x000c0000-0x000dffff]
[    2.959770] pci_bus 0000:00: resource 8 [mem 0xd0000000-0xffffffff]
[    2.966053] pci_bus 0000:01: resource 1 [mem 0xfdc00000-0xfdefffff]
[    2.972335] pci_bus 0000:02: resource 0 [io  0xf000-0xffff]
[    2.977925] pci_bus 0000:02: resource 1 [mem 0xfdf00000-0xfdffffff]
[    2.984209] pci_bus 0000:03: resource 0 [io  0xe000-0xefff]
[    2.989799] pci_bus 0000:03: resource 1 [mem 0xfdb00000-0xfdbfffff]
[    2.996083] pci_bus 0000:04: resource 0 [io  0xd000-0xdfff]
[    3.001671] pci_bus 0000:04: resource 1 [mem 0xfda00000-0xfdafffff]
[    3.008175] NET: Registered protocol family 2
[    3.013047] tcp_listen_portaddr_hash hash table entries: 2048 (order: 3, 32768 bytes, linear)
[    3.021628] TCP established hash table entries: 32768 (order: 6, 262144 bytes, linear)
[    3.029753] TCP bind hash table entries: 32768 (order: 7, 524288 bytes, linear)
[    3.037381] TCP: Hash tables configured (established 32768 bind 32768)
[    3.044043] UDP hash table entries: 2048 (order: 4, 65536 bytes, linear)
[    3.050801] UDP-Lite hash table entries: 2048 (order: 4, 65536 bytes, linear)
[    3.058127] NET: Registered protocol family 1
[    3.063234] RPC: Registered named UNIX socket transport module.
[    3.069183] RPC: Registered udp transport module.
[    3.073907] RPC: Registered tcp transport module.
[    3.078627] RPC: Registered tcp NFSv4.1 backchannel transport module.
[    3.094287] pci 0000:00:13.0: PME# does not work under D3, disabling it
[    3.101123] PCI: CLS 64 bytes, default 64
[    3.105359] PCI-DMA: Using software bounce buffering for IO (SWIOTLB)
[    3.111818] software IO TLB: mapped [mem 0xcbe50000-0xcfe50000] (64MB)
[    3.118494] amd_uncore: AMD NB counters detected
[    3.123134] amd_uncore: AMD LLC counters detected
[    3.128284] LVT offset 0 assigned for vector 0x400
[    3.133311] perf: AMD IBS detected (0x000000ff)
[    3.137946] mce: Machine check injector initialized
[    3.144458] check: Scanning for low memory corruption every 60 seconds
[    3.152373] Initialise system trusted keyrings
[    3.157062] workingset: timestamp_bits=46 max_order=20 bucket_order=0
[    3.170232] NFS: Registering the id_resolver key type
[    3.175311] Key type id_resolver registered
[    3.179507] Key type id_legacy registered
[    3.184388] Key type cifs.idmap registered
[    3.205422] Key type asymmetric registered
[    3.209543] Asymmetric key parser 'x509' registered
[    3.214434] Asymmetric key parser 'tpm_parser' registered
[    3.219872] Block layer SCSI generic (bsg) driver version 0.4 loaded (major 250)
[    3.227281] io scheduler mq-deadline registered
[    3.231826] io scheduler kyber registered
[    3.236756] pcieport 0000:00:02.1: PME: Signaling with IRQ 25
[    3.242834] pcieport 0000:00:02.1: AER: enabled with IRQ 25
[    3.248965] pcieport 0000:00:02.2: PME: Signaling with IRQ 27
[    3.255003] pcieport 0000:00:02.2: AER: enabled with IRQ 27
[    3.261092] pcieport 0000:00:02.3: PME: Signaling with IRQ 29
[    3.267148] pcieport 0000:00:02.3: AER: enabled with IRQ 29
[    3.273243] pcieport 0000:00:02.4: PME: Signaling with IRQ 31
[    3.279299] pcieport 0000:00:02.4: AER: enabled with IRQ 31
[    3.285525] input: Power Button as /devices/LNXSYSTM:00/LNXPWRBN:00/input/input0
[    3.297346] ACPI: Power Button [PWRF]
[    3.303501] thermal LNXTHERM:00: registered as thermal_zone0
[    3.309185] ACPI: Thermal Zone [TZ00] (49 C)
[    3.313818] Serial: 8250/16550 driver, 4 ports, IRQ sharing disabled
[    3.340821] 00:03: ttyS0 at I/O 0x3f8 (irq = 4, base_baud = 115200) is a 16550A
[    3.368899] 00:04: ttyS1 at I/O 0x2f8 (irq = 3, base_baud = 115200) is a 16550A
[    3.396999] serial8250: ttyS2 at I/O 0x3e8 (irq = 4, base_baud = 115200) is a 16550A
[    3.425481] serial8250: ttyS3 at I/O 0x2e8 (irq = 3, base_baud = 115200) is a 16550A
[    3.440439] tpm_tis MSFT0101:00: 2.0 TPM (device-id 0x1A, rev-id 16)
[    3.477993] brd: module loaded
[    3.487993] loop: module loaded
[    3.491274] Uniform Multi-Platform E-IDE driver
[    3.495987] ide-gd driver 1.18
[    3.499082] ide-cd driver 5.00
[    3.503746] ahci 0000:00:11.0: AHCI 0001.0300 32 slots 2 ports 6 Gbps 0x3 impl SATA mode
[    3.511860] ahci 0000:00:11.0: flags: 64bit ncq sntf ilck pm led clo pmp fbs pio slum part 
[    3.521284] scsi host0: ahci
[    3.524724] scsi host1: ahci
[    3.527811] ata1: SATA max UDMA/133 abar m1024@0xfd75a000 port 0xfd75a100 irq 19
[    3.535228] ata2: SATA max UDMA/133 abar m1024@0xfd75a000 port 0xfd75a180 irq 19
[    3.543008] e100: Intel(R) PRO/100 Network Driver, 3.5.24-k2-NAPI
[    3.549115] e100: Copyright(c) 1999-2006 Intel Corporation
[    3.554665] e1000: Intel(R) PRO/1000 Network Driver - version 7.3.21-k8-NAPI
[    3.561725] e1000: Copyright (c) 1999-2006 Intel Corporation.
[    3.567533] e1000e: Intel(R) PRO/1000 Network Driver - 3.2.6-k
[    3.573380] e1000e: Copyright(c) 1999 - 2015 Intel Corporation.
[    3.579384] igb: Intel(R) Gigabit Ethernet Network Driver - version 5.6.0-k
[    3.586357] igb: Copyright (c) 2007-2014 Intel Corporation.
[    3.625289] pps pps0: new PPS source ptp0
[    3.629493] igb 0000:02:00.0: added PHC on eth0
[    3.634044] igb 0000:02:00.0: Intel(R) Gigabit Ethernet Network Connection
[    3.640931] igb 0000:02:00.0: eth0: (PCIe:2.5Gb/s:Width x1) 00:0d:b9:43:3f:bc
[    3.648081] igb 0000:02:00.0: eth0: PBA No: FFFFFF-0FF
[    3.653237] igb 0000:02:00.0: Using MSI-X interrupts. 4 rx queue(s), 4 tx queue(s)
[    3.694100] pps pps1: new PPS source ptp1
[    3.698306] igb 0000:03:00.0: added PHC on eth1
[    3.702856] igb 0000:03:00.0: Intel(R) Gigabit Ethernet Network Connection
[    3.709744] igb 0000:03:00.0: eth1: (PCIe:2.5Gb/s:Width x1) 00:0d:b9:43:3f:bd
[    3.716894] igb 0000:03:00.0: eth1: PBA No: FFFFFF-0FF
[    3.722050] igb 0000:03:00.0: Using MSI-X interrupts. 4 rx queue(s), 4 tx queue(s)
[    3.762707] pps pps2: new PPS source ptp2
[    3.766906] igb 0000:04:00.0: added PHC on eth2
[    3.771463] igb 0000:04:00.0: Intel(R) Gigabit Ethernet Network Connection
[    3.778351] igb 0000:04:00.0: eth2: (PCIe:2.5Gb/s:Width x1) 00:0d:b9:43:3f:be
[    3.785500] igb 0000:04:00.0: eth2: PBA No: FFFFFF-0FF
[    3.790655] igb 0000:04:00.0: Using MSI-X interrupts. 4 rx queue(s), 4 tx queue(s)
[    3.798360] ehci_hcd: USB 2.0 'Enhanced' Host Controller (EHCI) Driver
[    3.804902] ehci-pci: EHCI PCI platform driver
[    3.809830] ehci-pci 0000:00:13.0: EHCI Host Controller
[    3.815092] ehci-pci 0000:00:13.0: new USB bus registered, assigned bus number 1
[    3.822513] ehci-pci 0000:00:13.0: applying AMD SB700/SB800/Hudson-2/3 EHCI dummy qh workaround
[    3.831235] ehci-pci 0000:00:13.0: debug port 2
[    3.835879] ehci-pci 0000:00:13.0: irq 18, io mem 0xfd759000
[    3.848386] ehci-pci 0000:00:13.0: USB 2.0 started, EHCI 1.00
[    3.851093] ata2: SATA link down (SStatus 0 SControl 300)
[    3.855186] hub 1-0:1.0: USB hub found
[    3.863406] hub 1-0:1.0: 2 ports detected
[    3.867972] ohci_hcd: USB 1.1 'Open' Host Controller (OHCI) Driver
[    3.874183] ohci-pci: OHCI PCI platform driver
[    3.878686] uhci_hcd: USB Universal Host Controller Interface driver
[    3.885459] xhci_hcd 0000:00:10.0: xHCI Host Controller
[    3.890725] xhci_hcd 0000:00:10.0: new USB bus registered, assigned bus number 2
[    4.012175] ata1: SATA link up 6.0 Gbps (SStatus 133 SControl 300)
[    4.018612] ata1.00: ATA-11: 30GB SATA Flash Drive, SFPA703B, max UDMA/133
[    4.025507] ata1.00: 58626288 sectors, multi 16: LBA48 NCQ (depth 32), AA
[    4.032695] ata1.00: configured for UDMA/133
[    4.037543] scsi 0:0:0:0: Direct-Access     ATA      30GB SATA Flash  703B PQ: 0 ANSI: 5
[    4.046874] sd 0:0:0:0: [sda] 58626288 512-byte logical blocks: (30.0 GB/28.0 GiB)
[    4.054500] sd 0:0:0:0: [sda] Write Protect is off
[    4.059385] sd 0:0:0:0: [sda] Write cache: enabled, read cache: enabled, doesn't support DPO or FUA
[    4.070063]  sda: sda1 sda2
[    4.074386] sd 0:0:0:0: [sda] Attached SCSI disk
[    4.148285] tsc: Refined TSC clocksource calibration: 998.127 MHz
[    4.154417] clocksource: tsc: mask: 0xffffffffffffffff max_cycles: 0x1cc65b93289, max_idle_ns: 881590487074 ns
[    4.164575] clocksource: Switched to clocksource tsc
[    4.190201] usb 1-1: new high-speed USB device number 2 using ehci-pci
[    4.211788] hub 1-1:1.0: USB hub found
[    4.215938] hub 1-1:1.0: 4 ports detected
[    4.499543] xhci_hcd 0000:00:10.0: hcc params 0x014040c3 hci version 0x100 quirks 0x0000000000000410
[    4.509736] hub 2-0:1.0: USB hub found
[    4.513535] hub 2-0:1.0: 2 ports detected
[    4.517975] xhci_hcd 0000:00:10.0: xHCI Host Controller
[    4.523231] xhci_hcd 0000:00:10.0: new USB bus registered, assigned bus number 3
[    4.530645] xhci_hcd 0000:00:10.0: Host supports USB 3.0 SuperSpeed
[    4.537001] usb usb3: We don't know the algorithms for LPM for this host, disabling LPM.
[    4.545576] hub 3-0:1.0: USB hub found
[    4.549367] hub 3-0:1.0: 2 ports detected
[    4.553825] usbcore: registered new interface driver usb-storage
[    4.559911] usbcore: registered new interface driver usbserial_generic
[    4.566466] usbserial: USB Serial support registered for generic
[    4.572515] usbcore: registered new interface driver ftdi_sio
[    4.578292] usbserial: USB Serial support registered for FTDI USB Serial Device
[    4.585761] usbcore: registered new interface driver pl2303
[    4.591366] usbserial: USB Serial support registered for pl2303
[    4.597381] i8042: PNP: No PS/2 controller found.
[    4.602284] mousedev: PS/2 mouse device common for all mice
[    4.608331] rtc_cmos 00:02: RTC can wake from S4
[    4.613379] rtc_cmos 00:02: registered as rtc0
[    4.617904] rtc_cmos 00:02: alarms up to one month, y3k, 114 bytes nvram, hpet irqs
[    4.625763] EDAC amd64: F16h_M30h detected (node 0).
[    4.630969] EDAC amd64: Node 0: DRAM ECC enabled.
[    4.635688] EDAC amd64: MCT channel count: 1
[    4.640247] EDAC MC0: Giving out device to module amd64_edac controller F16h_M30h: DEV 0000:00:18.3 (INTERRUPT)
[    4.650378] EDAC amd64: MC: 0:  4096MB 1:     0MB
[    4.655098] EDAC amd64: MC: 2:     0MB 3:     0MB
[    4.659811] EDAC amd64: MC: 4:     0MB 5:     0MB
[    4.664596] EDAC amd64: MC: 6:     0MB 7:     0MB
[    4.669318] EDAC amd64: MC: 0:     0MB 1:     0MB
[    4.674034] EDAC amd64: MC: 2:     0MB 3:     0MB
[    4.678748] EDAC amd64: MC: 4:     0MB 5:     0MB
[    4.683464] EDAC amd64: MC: 6:     0MB 7:     0MB
[    4.688207] EDAC amd64: using x4 syndromes.
[    4.692470] EDAC PCI0: Giving out device to module amd64_edac controller EDAC PCI controller: DEV 0000:00:18.2 (POLLED)
[    4.703260] AMD64 EDAC driver v3.5.0
[    4.706895] sdhci: Secure Digital Host Controller Interface driver
[    4.713087] sdhci: Copyright(c) Pierre Ossman
[    4.717541] sdhci-pci 0000:00:14.7: SDHCI controller found [1022:7813] (rev 1)
[    4.725680] mmc0: SDHCI controller on PCI [0000:00:14.7] using ADMA 64-bit
[    4.732753] sdhci-pltfm: SDHCI platform and OF driver helper
[    4.739095] usbcore: registered new interface driver usbhid
[    4.744712] usbhid: USB HID core driver
[    4.748593] x86/pm: family 0x16 cpu detected, MSR saving is needed during suspending.
[    4.756491] drop_monitor: Initializing network drop monitor service
[    4.762850] u32 classifier
[    4.765598]     input device check on
[    4.769294]     Actions configured
[    4.773668] NET: Registered protocol family 10
[    4.779322] Segment Routing with IPv6
[    4.783083] sit: IPv6, IPv4 and MPLS over IPv4 tunneling driver
[    4.789546] NET: Registered protocol family 17
[    4.794129] Key type dns_resolver registered
[    4.799409] microcode: CPU0: patch_level=0x07030105
[    4.804422] microcode: CPU1: patch_level=0x07030105
[    4.809384] microcode: CPU2: patch_level=0x07030105
[    4.814312] microcode: CPU3: patch_level=0x07030105
[    4.819225] microcode: Microcode Update Driver: v2.2.
[    4.819236] IPI shorthand broadcast: enabled
[    4.828641] sched_clock: Marking stable (4765164248, 63423186)->(5008050908, -179463474)
[    4.837031] Loading compiled-in X.509 certificates
[    4.841899] Key type ._fscrypt registered
[    4.845949] Key type .fscrypt registered
[    4.850828] Btrfs loaded, crc32c=crc32c-generic
[    4.856177] usb 2-1: new high-speed USB device number 2 using xhci_hcd
[    4.856501] Key type trusted registered
[    4.867387] Key type encrypted registered
[    4.872520] printk: console [netcon0] enabled
[    4.876903] netconsole: network logging started
[    4.879776] mmc0: new high speed SDHC card at address aaaa
[    4.886965] rtc_cmos 00:02: setting system clock to 2024-06-28T09:58:38 UTC (1719568718)
[    4.895418] acpi_cpufreq: overriding BIOS provided _PSD data
[    4.896858] mmcblk0: mmc0:aaaa SB16G 14.8 GiB 
[    4.906277] ALSA device list:
[    4.908252] usb-storage 2-1:1.0: USB Mass Storage device detected
[    4.909294]   No soundcards found.
[    4.915919] scsi host2: usb-storage 2-1:1.0
[    4.923399]  mmcblk0: p1 p2 < p5 >
[    4.933764] EXT4-fs (sda2): mounted filesystem with ordered data mode. Opts: (null)
[    4.941669] VFS: Mounted root (ext4 filesystem) readonly on device 8:2.
[    4.948700] devtmpfs: mounted
[    4.956737] Freeing unused kernel image (initmem) memory: 1596K
[    4.962731] Write protecting the kernel read-only data: 20480k
[    4.971051] Freeing unused kernel image (text/rodata gap) memory: 2040K
[    4.978833] Freeing unused kernel image (rodata/data gap) memory: 1084K
[    4.985505] Run /sbin/init as init process
[    4.993425] usb 3-2: new SuperSpeed Gen 1 USB device number 2 using xhci_hcd
[    5.021146] usb-storage 3-2:1.0: USB Mass Storage device detected
[    5.027884] scsi host3: usb-storage 3-2:1.0
[    5.036669] random: fast init done
[    5.081816] systemd[1]: systemd 243.2+ running in system mode. (-PAM -AUDIT -SELINUX +IMA -APPARMOR +SMACK +SYSVINIT +UTMP -LIBCRYPTSETUP -GCRYPT -GNUTLS +ACL +XZ -LZ4 -SECCOMP +BLKID -ELFUTILS +KMOD -IDN2 -IDN -PCRE2 default-hierarchy=hybrid)
[    5.115642] systemd[1]: Detected architecture x86-64.

Welcome to Reference Yocto distro for PC Engines hardware 0.1 (zeus)!

[    5.149248] systemd[1]: Set hostname to <tb>.
[    5.160244] systemd[1]: Couldn't move remaining userspace processes, ignoring: Input/output error
[    5.305750] systemd[1]: /lib/systemd/system/dbus.socket:5: ListenStream= references a path below legacy directory /var/run/, updating /var/run/dbus/system_bus_socket → /run/dbus/system_bus_socket; please update the unit file accordingly.
[    5.404813] random: systemd: uninitialized urandom read (16 bytes read)
[    5.414003] systemd[1]: Created slice system-getty.slice.
[  OK  ] Created slice system-getty.slice.
[    5.428582] random: systemd: uninitialized urandom read (16 bytes read)
[    5.436664] systemd[1]: Created slice system-serial\x2dgetty.slice.
[  OK  ] Created slice system-serial\x2dgetty.slice.
[    5.451773] random: systemd: uninitialized urandom read (16 bytes read)
[    5.459748] systemd[1]: Created slice User and Session Slice.
[  OK  ] Created slice User and Session Slice.
[    5.475241] systemd[1]: Started Dispatch Password Requests to Console Directory Watch.
[  OK  ] Started Dispatch Password …ts to Console Directory Watch.
[    5.493749] systemd[1]: Started Forward Password Requests to Wall Directory Watch.
[  OK  ] Started Forward Password R…uests to Wall Directory Watch.
[  OK  ] Reached target Paths.
[  OK  ] Reached target Remote File Systems.
[  OK  ] Reached target Slices.
[  OK  ] Reached target Swap.
[  OK  ] Listening on Syslog Socket.
[  OK  ] Listening on initctl Compatibility Named Pipe.
[  OK  ] Listening on Journal Socket (/dev/log).
[  OK  ] Listening on Journal Socket.
[  OK  ] Listening on Network Service Netlink Socket.
[  OK  ] Listening on udev Control Socket.
[  OK  ] Listening on udev Kernel Socket.
         Mounting POSIX Message Queue File System...
         Mounting Kernel Debug File System...
         Mounting Temporary Directory (/tmp)...
         Starting Create list of st…odes for the current kernel...
[  OK  ] Started Hardware RNG Entropy Gatherer Daemon.
         Starting File System Check on Root Device...
         Starting Journal Service...
         Starting Apply Kernel Variables...
         Starting udev Coldplug all Devices...
[  OK  ] Mounted POSIX Message Queue File System.
[  OK  ] Mounted Kernel Debug File System.
[  OK  ] Mounted Temporary Directory (/tmp).
[  OK  ] Started Create list of sta… nodes for the current kernel.
[  OK  ] Started Apply Kernel Variables.
[  OK  ] Started File System Check on Root Device.
         Starting Remount Root and Kernel File Systems...
[    5.863225] EXT4-fs (sda2): re-mounted. Opts: (null)
[  OK  ] Started Remount Root and Kernel File Systems.
         Starting Create Static Device Nodes in /dev...
[    5.941267] scsi 2:0:0:0: Direct-Access      USB      SanDisk 3.2Gen1 1.00 PQ: 0 ANSI: 6
[    5.955092] sd 2:0:0:0: [sdb] 60088320 512-byte logical blocks: (30.8 GB/28.7 GiB)
[  OK      5.964092] sd 2:0:0:0: [sdb] Write Protect is off
0m] Started Create Static Device Nodes in /dev.
[  OK  ] Reached targ[    5.979821] sd 2:0:0:0: [sdb] Write cache: disabled, read cache: enabled, doesn't support DPO or FUA
et Local File Systems (Pre).
         Mounting /var/volatile...
         Startin[    6.013454]  sdb: sdb1 sdb2 < sdb5 >
g udev Kernel Device Manager...
[    6.021197] sd 2:0:0:0: [sdb] Attached SCSI removable disk
[  OK  ] Mounted /var/volatile.
         Starting Load/Save Random Seed...
[    6.069131] scsi 3:0:0:0: Direct-Access      USB      SanDisk 3.2Gen1 1.00 PQ: 0 ANSI: 6
[    6.079003] sd 3:0:0:0: [sdc] 60088320 512-byte logical blocks: (30.8 GB/28.7 GiB)
[    6.087852] sd 3:0:0:0: [sdc] Write Protect is off
[    6.097811] sd 3:0:0:0: [sdc] Write cache: disabled, read cache: enabled, doesn't support DPO or FUA
[    6.131325] sd 3:0:0:0: [sdc] Attached SCSI removable disk
[  OK  ] Started udev Kernel Device Manager.
         Starting Network Service...
[  OK  ] Started Journal Service.
         Starting Flush Journal to Persistent Storage...
[    6.430507] systemd-journald[187]: Received client request to flush runtime journal.
[  OK  ] Started Flush Journal to Persistent Storage.
[  OK  ] Started Network Service.
[  OK  ] Started udev Coldplug all Devices.
[    6.924445] igb 0000:02:00.0 enp2s0: renamed from eth0
[    6.988075] igb 0000:04:00.0 enp4s0: renamed from eth2
[    7.022496] igb 0000:03:00.0 enp3s0: renamed from eth1
[    7.253215] random: crng init done
[    7.256853] random: 7 urandom warning(s) missed due to ratelimiting
[  OK  ] Started Load/Save Random Seed.
[  OK  ] Found device 30GB_SATA_Flash_Drive msdos.
         Mounting /boot...
[  OK  ] Mounted /boot.
[  OK  ] Reached target Local File Systems.
         Starting Create Volatile Files and Directories...
[  OK  ] Started Create Volatile Files and Directories.
         Starting Network Name Resolution...
         Starting Network Time Synchronization...
         Starting Update UTMP about System Boot/Shutdown...
[  OK  ] Started Update UTMP about System Boot/Shutdown.
[  OK  ] Started Network Name Resolution.
[  OK  ] Reached target Network.
[  OK  ] Reached target Host and Network Name Lookups.
[  OK  ] Started Network Time Synchronization.
[  OK  ] Reached target System Initialization.
[  OK  ] Started Daily Cleanup of Temporary Directories.
[  OK  ] Reached target System Time Set.
[  OK  ] Reached target System Time Synchronized.
[  OK  ] Reached target Timers.
[  OK  ] Listening on D-Bus System Message Bus Socket.
         Starting sshd.socket.
[  OK  ] Listening on sshd.socket.
[  OK  ] Reached target Sockets.
[  OK  ] Reached target Basic System.
[  OK  ] Started Kernel Logging Service.
[  OK  ] Started System Logging Service.
[  OK  ] Started D-Bus System Message Bus.
[  OK  ] Started Getty on tty1.
[  OK  ] Started Serial Getty on ttyS0.
[  OK  ] Reached target Login Prompts.
         Starting Login Service...
[  OK  ] Started Login Service.
[  OK  ] Reached target Multi-User System.
         Starting Update UTMP about System Runlevel Changes...
[  OK  ] Started Update UTMP about System Runlevel Changes.

Reference Yocto distro for PC Engines hardware 0.1 tb ttyS0

tb login: [   10.469031] igb 0000:04:00.0 enp4s0: igb: enp4s0 NIC Link is Up 1000 Mbps Full Duplex, Flow Control: RX
[   10.490004] IPv6: ADDRCONF(NETDEV_CHANGE): enp4s0: link becomes ready
[   10.527093] igb 0000:03:00.0 enp3s0: igb: enp3s0 NIC Link is Up 1000 Mbps Full Duplex, Flow Control: RX
[   10.546683] IPv6: ADDRCONF(NETDEV_CHANGE): enp3s0: link becomes ready
[   10.565229] igb 0000:02:00.0 enp2s0: igb: enp2s0 NIC Link is Up 1000 Mbps Full Duplex, Flow Control: RX
[   10.585808] IPv6: ADDRCONF(NETDEV_CHANGE): enp2s0: link becomes ready
root
